Java HotSpot(TM) 64-Bit Server VM (25.251-b08) for windows-amd64 JRE (1.8.0_251-b08), built on Mar 12 2020 06:31:49 by "" with MS VC++ 10.0 (VS2010)
Memory: 4k page, physical 12473140k(2272328k free), swap 18240308k(3086340k free)
CommandLine flags: -XX:InitialHeapSize=10485760 -XX:MaxHeapSize=10485760 -XX:MaxNewSize=5242880 -XX:NewSize=5242880 -XX:OldPLABSize=16 -XX:PretenureSizeThreshold=10485760 -XX:+PrintGC -XX:+PrintGCDetails -XX:+PrintGCTimeStamps -XX:SurvivorRatio=8 -XX:+UseCompressedClassPointers -XX:+UseCompressedOops -XX:+UseConcMarkSweepGC -XX:-UseLargePagesIndividualAllocation -XX:+UseParNewGC 
0.154: [GC (Allocation Failure) 0.154: [ParNew: 3787K->512K(4608K), 0.0023186 secs] 3787K->1658K(9728K), 0.0025229 secs] [Times: user=0.00 sys=0.00, real=0.00 secs] 
1.062: [GC (Allocation Failure) 1.062: [ParNew: 4608K->512K(4608K), 0.0023040 secs] 5754K->4239K(9728K), 0.0023665 secs] [Times: user=0.06 sys=0.00, real=0.00 secs] 
1.065: [GC (CMS Initial Mark) [1 CMS-initial-mark: 3727K(5120K)] 4256K(9728K), 0.0002374 secs] [Times: user=0.00 sys=0.00, real=0.00 secs] 
1.065: [CMS-concurrent-mark-start]
1.066: [CMS-concurrent-mark: 0.001/0.001 secs] [Times: user=0.00 sys=0.00, real=0.00 secs] 
1.066: [CMS-concurrent-preclean-start]
1.066: [CMS-concurrent-preclean: 0.000/0.000 secs] [Times: user=0.00 sys=0.00, real=0.00 secs] 
1.066: [GC (CMS Final Remark) [YG occupancy: 576 K (4608 K)]1.066: [Rescan (parallel) , 0.0002703 secs]1.066: [weak refs processing, 0.0000353 secs]1.066: [class unloading, 0.0002408 secs]1.066: [scrub symbol table, 0.0004621 secs]1.067: [scrub string table, 0.0001445 secs][1 CMS-remark: 3727K(5120K)] 4304K(9728K), 0.0012368 secs] [Times: user=0.00 sys=0.00, real=0.00 secs] 
1.067: [CMS-concurrent-sweep-start]
1.068: [CMS-concurrent-sweep: 0.000/0.000 secs] [Times: user=0.00 sys=0.00, real=0.00 secs] 
1.068: [CMS-concurrent-reset-start]
1.068: [CMS-concurrent-reset: 0.000/0.000 secs] [Times: user=0.00 sys=0.00, real=0.00 secs] 
3.081: [GC (CMS Initial Mark) [1 CMS-initial-mark: 2702K(5120K)] 3332K(9728K), 0.0007401 secs] [Times: user=0.00 sys=0.00, real=0.00 secs] 
3.082: [CMS-concurrent-mark-start]
3.084: [CMS-concurrent-mark: 0.002/0.002 secs] [Times: user=0.00 sys=0.00, real=0.00 secs] 
3.084: [CMS-concurrent-preclean-start]
3.085: [CMS-concurrent-preclean: 0.000/0.000 secs] [Times: user=0.00 sys=0.00, real=0.00 secs] 
3.085: [GC (CMS Final Remark) [YG occupancy: 629 K (4608 K)]3.085: [Rescan (parallel) , 0.0009232 secs]3.086: [weak refs processing, 0.0000412 secs]3.086: [class unloading, 0.0006188 secs]3.087: [scrub symbol table, 0.0011874 secs]3.088: [scrub string table, 0.0005247 secs][1 CMS-remark: 2702K(5120K)] 3332K(9728K), 0.0035550 secs] [Times: user=0.00 sys=0.00, real=0.00 secs] 
3.089: [CMS-concurrent-sweep-start]
3.090: [CMS-concurrent-sweep: 0.001/0.001 secs] [Times: user=0.00 sys=0.00, real=0.00 secs] 
3.090: [CMS-concurrent-reset-start]
3.090: [CMS-concurrent-reset: 0.000/0.000 secs] [Times: user=0.00 sys=0.00, real=0.00 secs] 
5.095: [GC (CMS Initial Mark) [1 CMS-initial-mark: 2694K(5120K)] 3323K(9728K), 0.0008270 secs] [Times: user=0.00 sys=0.00, real=0.00 secs] 
5.096: [CMS-concurrent-mark-start]
5.097: [CMS-concurrent-mark: 0.001/0.001 secs] [Times: user=0.00 sys=0.00, real=0.00 secs] 
5.097: [CMS-concurrent-preclean-start]
5.097: [CMS-concurrent-preclean: 0.000/0.000 secs] [Times: user=0.00 sys=0.00, real=0.00 secs] 
5.097: [GC (CMS Final Remark) [YG occupancy: 629 K (4608 K)]5.097: [Rescan (parallel) , 0.0003370 secs]5.097: [weak refs processing, 0.0000111 secs]5.097: [class unloading, 0.0002317 secs]5.098: [scrub symbol table, 0.0003981 secs]5.098: [scrub string table, 0.0001448 secs][1 CMS-remark: 2694K(5120K)] 3323K(9728K), 0.0011956 secs] [Times: user=0.00 sys=0.00, real=0.00 secs] 
5.098: [CMS-concurrent-sweep-start]
5.099: [CMS-concurrent-sweep: 0.000/0.000 secs] [Times: user=0.00 sys=0.00, real=0.00 secs] 
5.099: [CMS-concurrent-reset-start]
5.099: [CMS-concurrent-reset: 0.000/0.000 secs] [Times: user=0.00 sys=0.00, real=0.00 secs] 
