Java HotSpot(TM) 64-Bit Server VM (25.251-b08) for windows-amd64 JRE (1.8.0_251-b08), built on Mar 12 2020 06:31:49 by "" with MS VC++ 10.0 (VS2010)
Memory: 4k page, physical 12473140k(2705768k free), swap 18240308k(4443624k free)
CommandLine flags: -XX:InitialHeapSize=10485760 -XX:MaxHeapSize=10485760 -XX:MaxNewSize=5242880 -XX:NewSize=5242880 -XX:OldPLABSize=16 -XX:PretenureSizeThreshold=10485760 -XX:+PrintGC -XX:+PrintGCDetails -XX:+PrintGCTimeStamps -XX:SurvivorRatio=8 -XX:+UseCompressedClassPointers -XX:+UseCompressedOops -XX:+UseConcMarkSweepGC -XX:-UseLargePagesIndividualAllocation -XX:+UseParNewGC 
0.254: [GC (Allocation Failure) 0.254: [ParNew: 3803K->512K(4608K), 0.0028312 secs] 3803K->1687K(9728K), 0.0030899 secs] [Times: user=0.00 sys=0.00, real=0.00 secs] 
30.263: [GC (Allocation Failure) 30.263: [ParNew: 4608K->512K(4608K), 0.0056955 secs] 5783K->2236K(9728K), 0.0057928 secs] [Times: user=0.00 sys=0.00, real=0.00 secs] 
30.269: [GC (Allocation Failure) 30.269: [ParNew: 3641K->0K(4608K), 0.0014826 secs] 5366K->2047K(9728K), 0.0015148 secs] [Times: user=0.00 sys=0.00, real=0.00 secs] 
60.280: [GC (Allocation Failure) 60.281: [ParNew: 3138K->0K(4608K), 0.0016910 secs] 5185K->3071K(9728K), 0.0017680 secs] [Times: user=0.00 sys=0.00, real=0.00 secs] 
60.283: [GC (Allocation Failure) 60.283: [ParNew: 2119K->0K(4608K), 0.0010646 secs] 5190K->3071K(9728K), 0.0011109 secs] [Times: user=0.00 sys=0.00, real=0.00 secs] 
60.284: [GC (CMS Initial Mark) [1 CMS-initial-mark: 3071K(5120K)] 5119K(9728K), 0.0016027 secs] [Times: user=0.00 sys=0.00, real=0.00 secs] 
60.286: [CMS-concurrent-mark-start]
60.287: [CMS-concurrent-mark: 0.002/0.002 secs] [Times: user=0.00 sys=0.00, real=0.00 secs] 
60.288: [CMS-concurrent-preclean-start]
60.288: [CMS-concurrent-preclean: 0.000/0.000 secs] [Times: user=0.00 sys=0.00, real=0.00 secs] 
60.288: [CMS-concurrent-abortable-preclean-start]
 CMS: abort preclean due to time 65.381: [CMS-concurrent-abortable-preclean: 0.007/5.093 secs] [Times: user=0.00 sys=0.00, real=5.09 secs] 
65.381: [GC (CMS Final Remark) [YG occupancy: 2048 K (4608 K)]65.381: [Rescan (parallel) , 0.0010727 secs]65.383: [weak refs processing, 0.0000884 secs]65.383: [class unloading, 0.0006654 secs]65.383: [scrub symbol table, 0.0012021 secs]65.385: [scrub string table, 0.0004608 secs][1 CMS-remark: 3071K(5120K)] 5119K(9728K), 0.0037658 secs] [Times: user=0.00 sys=0.00, real=0.00 secs] 
65.385: [CMS-concurrent-sweep-start]
65.387: [CMS-concurrent-sweep: 0.002/0.002 secs] [Times: user=0.00 sys=0.00, real=0.00 secs] 
65.387: [CMS-concurrent-reset-start]
65.387: [CMS-concurrent-reset: 0.000/0.000 secs] [Times: user=0.00 sys=0.00, real=0.00 secs] 
66.349: [GC (Allocation Failure) 66.349: [ParNew (promotion failed): 4096K->4433K(4608K), 0.0011980 secs]66.351: [CMS: 969K->3295K(5120K), 0.0045787 secs] 5065K->3295K(9728K), [Metaspace: 5509K->5509K(1056768K)], 0.0061561 secs] [Times: user=0.02 sys=0.00, real=0.01 secs] 
66.918: [GC (Allocation Failure) 66.918: [ParNew: 4096K->512K(4608K), 0.0014298 secs] 7391K->3854K(9728K), 0.0015128 secs] [Times: user=0.00 sys=0.00, real=0.00 secs] 
82.262: [GC (Allocation Failure) 82.262: [ParNew: 4608K->512K(4608K), 0.0034532 secs] 7950K->4420K(9728K), 0.0035056 secs] [Times: user=0.00 sys=0.00, real=0.00 secs] 
82.266: [GC (CMS Initial Mark) [1 CMS-initial-mark: 3908K(5120K)] 4457K(9728K), 0.0008327 secs] [Times: user=0.00 sys=0.00, real=0.00 secs] 
82.267: [CMS-concurrent-mark-start]
82.269: [CMS-concurrent-mark: 0.002/0.002 secs] [Times: user=0.00 sys=0.00, real=0.00 secs] 
82.269: [CMS-concurrent-preclean-start]
82.270: [CMS-concurrent-preclean: 0.000/0.000 secs] [Times: user=0.00 sys=0.00, real=0.00 secs] 
82.270: [GC (CMS Final Remark) [YG occupancy: 615 K (4608 K)]82.270: [Rescan (parallel) , 0.0007639 secs]82.271: [weak refs processing, 0.0000209 secs]82.271: [class unloading, 0.0009168 secs]82.272: [scrub symbol table, 0.0007383 secs]82.272: [scrub string table, 0.0001843 secs][1 CMS-remark: 3908K(5120K)] 4523K(9728K), 0.0027741 secs] [Times: user=0.00 sys=0.00, real=0.00 secs] 
82.273: [CMS-concurrent-sweep-start]
82.274: [CMS-concurrent-sweep: 0.001/0.001 secs] [Times: user=0.03 sys=0.00, real=0.00 secs] 
82.274: [CMS-concurrent-reset-start]
82.274: [CMS-concurrent-reset: 0.000/0.000 secs] [Times: user=0.00 sys=0.00, real=0.00 secs] 
84.274: [GC (CMS Initial Mark) [1 CMS-initial-mark: 3771K(5120K)] 4533K(9728K), 0.0004671 secs] [Times: user=0.00 sys=0.00, real=0.00 secs] 
84.274: [CMS-concurrent-mark-start]
84.277: [CMS-concurrent-mark: 0.002/0.002 secs] [Times: user=0.00 sys=0.00, real=0.00 secs] 
84.277: [CMS-concurrent-preclean-start]
84.277: [CMS-concurrent-preclean: 0.000/0.000 secs] [Times: user=0.00 sys=0.00, real=0.00 secs] 
84.278: [GC (CMS Final Remark) [YG occupancy: 800 K (4608 K)]84.278: [Rescan (parallel) , 0.0005192 secs]84.278: [weak refs processing, 0.0000194 secs]84.278: [class unloading, 0.0009423 secs]84.279: [scrub symbol table, 0.0006782 secs]84.280: [scrub string table, 0.0001693 secs][1 CMS-remark: 3771K(5120K)] 4571K(9728K), 0.0024489 secs] [Times: user=0.00 sys=0.00, real=0.00 secs] 
84.280: [CMS-concurrent-sweep-start]
84.281: [CMS-concurrent-sweep: 0.001/0.001 secs] [Times: user=0.00 sys=0.00, real=0.00 secs] 
84.281: [CMS-concurrent-reset-start]
84.281: [CMS-concurrent-reset: 0.000/0.000 secs] [Times: user=0.00 sys=0.00, real=0.00 secs] 
90.301: [GC (Allocation Failure) 90.301: [ParNew: 4574K->330K(4608K), 0.0032552 secs] 8345K->4429K(9728K), 0.0033987 secs] [Times: user=0.02 sys=0.00, real=0.00 secs] 
90.305: [GC (CMS Initial Mark) [1 CMS-initial-mark: 4099K(5120K)] 6477K(9728K), 0.0009327 secs] [Times: user=0.00 sys=0.00, real=0.00 secs] 
90.306: [CMS-concurrent-mark-start]
90.309: [CMS-concurrent-mark: 0.003/0.003 secs] [Times: user=0.00 sys=0.00, real=0.00 secs] 
90.309: [CMS-concurrent-preclean-start]
90.309: [CMS-concurrent-preclean: 0.000/0.000 secs] [Times: user=0.00 sys=0.00, real=0.00 secs] 
90.310: [CMS-concurrent-abortable-preclean-start]
 CMS: abort preclean due to time 95.344: [CMS-concurrent-abortable-preclean: 0.018/5.034 secs] [Times: user=0.05 sys=0.00, real=5.03 secs] 
95.344: [GC (CMS Final Remark) [YG occupancy: 2969 K (4608 K)]95.344: [Rescan (parallel) , 0.0013620 secs]95.345: [weak refs processing, 0.0001026 secs]95.345: [class unloading, 0.0032315 secs]95.349: [scrub symbol table, 0.0016053 secs]95.350: [scrub string table, 0.0003707 secs][1 CMS-remark: 4099K(5120K)] 7068K(9728K), 0.0070589 secs] [Times: user=0.00 sys=0.00, real=0.01 secs] 
95.351: [CMS-concurrent-sweep-start]
95.352: [CMS-concurrent-sweep: 0.001/0.001 secs] [Times: user=0.00 sys=0.00, real=0.00 secs] 
95.352: [CMS-concurrent-reset-start]
95.352: [CMS-concurrent-reset: 0.000/0.000 secs] [Times: user=0.00 sys=0.00, real=0.00 secs] 
107.469: [GC (Allocation Failure) 107.469: [ParNew: 4426K->95K(4608K), 0.0010988 secs] 6328K->4045K(9728K), 0.0011526 secs] [Times: user=0.00 sys=0.00, real=0.00 secs] 
107.470: [GC (CMS Initial Mark) [1 CMS-initial-mark: 3950K(5120K)] 4078K(9728K), 0.0008701 secs] [Times: user=0.00 sys=0.00, real=0.00 secs] 
107.471: [CMS-concurrent-mark-start]
107.473: [CMS-concurrent-mark: 0.002/0.002 secs] [Times: user=0.00 sys=0.00, real=0.00 secs] 
107.473: [CMS-concurrent-preclean-start]
107.473: [CMS-concurrent-preclean: 0.000/0.000 secs] [Times: user=0.00 sys=0.00, real=0.00 secs] 
107.473: [GC (CMS Final Remark) [YG occupancy: 172 K (4608 K)]107.473: [Rescan (parallel) , 0.0003607 secs]107.474: [weak refs processing, 0.0000152 secs]107.474: [class unloading, 0.0016012 secs]107.475: [scrub symbol table, 0.0008768 secs]107.476: [scrub string table, 0.0001808 secs][1 CMS-remark: 3950K(5120K)] 4122K(9728K), 0.0031650 secs] [Times: user=0.00 sys=0.00, real=0.00 secs] 
107.477: [CMS-concurrent-sweep-start]
107.478: [CMS-concurrent-sweep: 0.001/0.001 secs] [Times: user=0.01 sys=0.00, real=0.00 secs] 
107.478: [CMS-concurrent-reset-start]
107.478: [CMS-concurrent-reset: 0.000/0.000 secs] [Times: user=0.00 sys=0.00, real=0.00 secs] 
109.485: [GC (CMS Initial Mark) [1 CMS-initial-mark: 3916K(5120K)] 4326K(9728K), 0.0005347 secs] [Times: user=0.00 sys=0.00, real=0.00 secs] 
109.486: [CMS-concurrent-mark-start]
109.501: [CMS-concurrent-mark: 0.003/0.016 secs] [Times: user=0.00 sys=0.00, real=0.02 secs] 
109.501: [CMS-concurrent-preclean-start]
109.502: [CMS-concurrent-preclean: 0.000/0.000 secs] [Times: user=0.00 sys=0.00, real=0.00 secs] 
109.502: [GC (CMS Final Remark) [YG occupancy: 510 K (4608 K)]109.502: [Rescan (parallel) , 0.0007658 secs]109.503: [weak refs processing, 0.0000129 secs]109.503: [class unloading, 0.0010612 secs]109.504: [scrub symbol table, 0.0007330 secs]109.504: [scrub string table, 0.0001859 secs][1 CMS-remark: 3916K(5120K)] 4426K(9728K), 0.0028776 secs] [Times: user=0.00 sys=0.00, real=0.00 secs] 
109.505: [CMS-concurrent-sweep-start]
109.506: [CMS-concurrent-sweep: 0.001/0.001 secs] [Times: user=0.00 sys=0.00, real=0.00 secs] 
109.506: [CMS-concurrent-reset-start]
109.506: [CMS-concurrent-reset: 0.000/0.000 secs] [Times: user=0.00 sys=0.00, real=0.00 secs] 
111.505: [GC (CMS Initial Mark) [1 CMS-initial-mark: 3915K(5120K)] 4603K(9728K), 0.0012112 secs] [Times: user=0.00 sys=0.00, real=0.00 secs] 
111.507: [CMS-concurrent-mark-start]
111.512: [CMS-concurrent-mark: 0.005/0.005 secs] [Times: user=0.06 sys=0.00, real=0.00 secs] 
111.512: [CMS-concurrent-preclean-start]
111.512: [CMS-concurrent-preclean: 0.000/0.000 secs] [Times: user=0.00 sys=0.00, real=0.00 secs] 
111.512: [GC (CMS Final Remark) [YG occupancy: 721 K (4608 K)]111.512: [Rescan (parallel) , 0.0012138 secs]111.513: [weak refs processing, 0.0000208 secs]111.513: [class unloading, 0.0014438 secs]111.515: [scrub symbol table, 0.0019451 secs]111.517: [scrub string table, 0.0002654 secs][1 CMS-remark: 3915K(5120K)] 4636K(9728K), 0.0050630 secs] [Times: user=0.00 sys=0.00, real=0.01 secs] 
111.517: [CMS-concurrent-sweep-start]
111.518: [CMS-concurrent-sweep: 0.001/0.001 secs] [Times: user=0.00 sys=0.00, real=0.00 secs] 
111.518: [CMS-concurrent-reset-start]
111.518: [CMS-concurrent-reset: 0.000/0.000 secs] [Times: user=0.00 sys=0.00, real=0.00 secs] 
113.521: [GC (CMS Initial Mark) [1 CMS-initial-mark: 3915K(5120K)] 4770K(9728K), 0.0004716 secs] [Times: user=0.00 sys=0.00, real=0.00 secs] 
113.521: [CMS-concurrent-mark-start]
113.537: [CMS-concurrent-mark: 0.003/0.016 secs] [Times: user=0.03 sys=0.00, real=0.02 secs] 
113.538: [CMS-concurrent-preclean-start]
113.538: [CMS-concurrent-preclean: 0.000/0.000 secs] [Times: user=0.00 sys=0.00, real=0.00 secs] 
113.538: [GC (CMS Final Remark) [YG occupancy: 956 K (4608 K)]113.538: [Rescan (parallel) , 0.0007561 secs]113.539: [weak refs processing, 0.0000271 secs]113.539: [class unloading, 0.0011414 secs]113.540: [scrub symbol table, 0.0009304 secs]113.541: [scrub string table, 0.0003140 secs][1 CMS-remark: 3915K(5120K)] 4871K(9728K), 0.0033712 secs] [Times: user=0.00 sys=0.00, real=0.00 secs] 
113.541: [CMS-concurrent-sweep-start]
113.542: [CMS-concurrent-sweep: 0.001/0.001 secs] [Times: user=0.00 sys=0.00, real=0.00 secs] 
113.542: [CMS-concurrent-reset-start]
113.542: [CMS-concurrent-reset: 0.000/0.000 secs] [Times: user=0.00 sys=0.00, real=0.00 secs] 
115.544: [GC (CMS Initial Mark) [1 CMS-initial-mark: 3915K(5120K)] 5014K(9728K), 0.0007089 secs] [Times: user=0.00 sys=0.00, real=0.00 secs] 
115.545: [CMS-concurrent-mark-start]
115.547: [CMS-concurrent-mark: 0.002/0.002 secs] [Times: user=0.00 sys=0.00, real=0.00 secs] 
115.547: [CMS-concurrent-preclean-start]
115.547: [CMS-concurrent-preclean: 0.000/0.000 secs] [Times: user=0.00 sys=0.00, real=0.00 secs] 
115.548: [GC (CMS Final Remark) [YG occupancy: 1099 K (4608 K)]115.548: [Rescan (parallel) , 0.0007683 secs]115.548: [weak refs processing, 0.0000125 secs]115.548: [class unloading, 0.0015392 secs]115.550: [scrub symbol table, 0.0006846 secs]115.551: [scrub string table, 0.0001554 secs][1 CMS-remark: 3915K(5120K)] 5014K(9728K), 0.0032857 secs] [Times: user=0.00 sys=0.00, real=0.00 secs] 
115.551: [CMS-concurrent-sweep-start]
115.552: [CMS-concurrent-sweep: 0.001/0.001 secs] [Times: user=0.00 sys=0.00, real=0.00 secs] 
115.552: [CMS-concurrent-reset-start]
115.552: [CMS-concurrent-reset: 0.000/0.000 secs] [Times: user=0.00 sys=0.00, real=0.00 secs] 
117.554: [GC (CMS Initial Mark) [1 CMS-initial-mark: 3915K(5120K)] 5249K(9728K), 0.0006477 secs] [Times: user=0.00 sys=0.02, real=0.00 secs] 
117.555: [CMS-concurrent-mark-start]
117.557: [CMS-concurrent-mark: 0.003/0.003 secs] [Times: user=0.00 sys=0.00, real=0.00 secs] 
117.557: [CMS-concurrent-preclean-start]
117.557: [CMS-concurrent-preclean: 0.000/0.000 secs] [Times: user=0.00 sys=0.00, real=0.00 secs] 
117.558: [GC (CMS Final Remark) [YG occupancy: 1334 K (4608 K)]117.558: [Rescan (parallel) , 0.0006245 secs]117.558: [weak refs processing, 0.0000395 secs]117.558: [class unloading, 0.0011814 secs]117.560: [scrub symbol table, 0.0007755 secs]117.560: [scrub string table, 0.0002221 secs][1 CMS-remark: 3915K(5120K)] 5249K(9728K), 0.0031032 secs] [Times: user=0.00 sys=0.00, real=0.00 secs] 
117.561: [CMS-concurrent-sweep-start]
117.562: [CMS-concurrent-sweep: 0.001/0.001 secs] [Times: user=0.00 sys=0.00, real=0.00 secs] 
117.562: [CMS-concurrent-reset-start]
117.562: [CMS-concurrent-reset: 0.000/0.000 secs] [Times: user=0.00 sys=0.00, real=0.00 secs] 
119.574: [GC (CMS Initial Mark) [1 CMS-initial-mark: 3915K(5120K)] 5493K(9728K), 0.0009632 secs] [Times: user=0.00 sys=0.00, real=0.00 secs] 
119.575: [CMS-concurrent-mark-start]
119.577: [CMS-concurrent-mark: 0.003/0.003 secs] [Times: user=0.00 sys=0.00, real=0.00 secs] 
119.577: [CMS-concurrent-preclean-start]
119.578: [CMS-concurrent-preclean: 0.000/0.000 secs] [Times: user=0.00 sys=0.00, real=0.00 secs] 
119.578: [GC (CMS Final Remark) [YG occupancy: 1578 K (4608 K)]119.578: [Rescan (parallel) , 0.0007359 secs]119.579: [weak refs processing, 0.0000206 secs]119.579: [class unloading, 0.0015861 secs]119.580: [scrub symbol table, 0.0008929 secs]119.581: [scrub string table, 0.0001804 secs][1 CMS-remark: 3915K(5120K)] 5493K(9728K), 0.0035786 secs] [Times: user=0.00 sys=0.00, real=0.00 secs] 
119.581: [CMS-concurrent-sweep-start]
119.582: [CMS-concurrent-sweep: 0.001/0.001 secs] [Times: user=0.00 sys=0.00, real=0.00 secs] 
119.582: [CMS-concurrent-reset-start]
119.582: [CMS-concurrent-reset: 0.000/0.000 secs] [Times: user=0.00 sys=0.00, real=0.00 secs] 
120.320: [GC (Allocation Failure) 120.320: [ParNew: 3755K->3755K(4608K), 0.0000163 secs]120.320: [CMS: 3915K->2838K(5120K), 0.0092775 secs] 7670K->2838K(9728K), [Metaspace: 9037K->9037K(1058816K)], 0.0094016 secs] [Times: user=0.02 sys=0.00, real=0.01 secs] 
120.329: [GC (CMS Initial Mark) [1 CMS-initial-mark: 2838K(5120K)] 5958K(9728K), 0.0007375 secs] [Times: user=0.00 sys=0.00, real=0.00 secs] 
120.330: [CMS-concurrent-mark-start]
120.332: [CMS-concurrent-mark: 0.002/0.002 secs] [Times: user=0.00 sys=0.00, real=0.00 secs] 
120.332: [CMS-concurrent-preclean-start]
120.332: [CMS-concurrent-preclean: 0.000/0.000 secs] [Times: user=0.00 sys=0.00, real=0.00 secs] 
120.332: [CMS-concurrent-abortable-preclean-start]
 CMS: abort preclean due to time 125.394: [CMS-concurrent-abortable-preclean: 0.013/5.062 secs] [Times: user=0.05 sys=0.02, real=5.06 secs] 
125.394: [GC (CMS Final Remark) [YG occupancy: 3734 K (4608 K)]125.394: [Rescan (parallel) , 0.0016061 secs]125.396: [weak refs processing, 0.0000731 secs]125.396: [class unloading, 0.0030141 secs]125.399: [scrub symbol table, 0.0010438 secs]125.400: [scrub string table, 0.0003326 secs][1 CMS-remark: 2838K(5120K)] 6572K(9728K), 0.0063588 secs] [Times: user=0.01 sys=0.00, real=0.01 secs] 
125.401: [CMS-concurrent-sweep-start]
125.402: [CMS-concurrent-sweep: 0.001/0.001 secs] [Times: user=0.00 sys=0.00, real=0.00 secs] 
125.402: [CMS-concurrent-reset-start]
125.402: [CMS-concurrent-reset: 0.000/0.000 secs] [Times: user=0.00 sys=0.00, real=0.00 secs] 
128.665: [GC (Allocation Failure) 128.665: [ParNew: 4096K->25K(4608K), 0.0015034 secs] 5909K->3889K(9728K), 0.0015630 secs] [Times: user=0.00 sys=0.00, real=0.00 secs] 
128.667: [GC (CMS Initial Mark) [1 CMS-initial-mark: 3864K(5120K)] 3919K(9728K), 0.0003777 secs] [Times: user=0.00 sys=0.00, real=0.00 secs] 
128.667: [CMS-concurrent-mark-start]
128.686: [CMS-concurrent-mark: 0.002/0.019 secs] [Times: user=0.00 sys=0.00, real=0.02 secs] 
128.686: [CMS-concurrent-preclean-start]
128.686: [CMS-concurrent-preclean: 0.000/0.000 secs] [Times: user=0.00 sys=0.00, real=0.00 secs] 
128.687: [GC (CMS Final Remark) [YG occupancy: 145 K (4608 K)]128.687: [Rescan (parallel) , 0.0007320 secs]128.687: [weak refs processing, 0.0000119 secs]128.687: [class unloading, 0.0010731 secs]128.688: [scrub symbol table, 0.0007365 secs]128.689: [scrub string table, 0.0001453 secs][1 CMS-remark: 3864K(5120K)] 4009K(9728K), 0.0027987 secs] [Times: user=0.00 sys=0.00, real=0.00 secs] 
128.690: [CMS-concurrent-sweep-start]
128.690: [CMS-concurrent-sweep: 0.001/0.001 secs] [Times: user=0.00 sys=0.00, real=0.00 secs] 
128.690: [CMS-concurrent-reset-start]
128.690: [CMS-concurrent-reset: 0.000/0.000 secs] [Times: user=0.00 sys=0.00, real=0.00 secs] 
130.701: [GC (CMS Initial Mark) [1 CMS-initial-mark: 3864K(5120K)] 4215K(9728K), 0.0006945 secs] [Times: user=0.00 sys=0.00, real=0.00 secs] 
130.702: [CMS-concurrent-mark-start]
130.704: [CMS-concurrent-mark: 0.002/0.002 secs] [Times: user=0.00 sys=0.00, real=0.00 secs] 
130.704: [CMS-concurrent-preclean-start]
130.704: [CMS-concurrent-preclean: 0.000/0.000 secs] [Times: user=0.00 sys=0.00, real=0.00 secs] 
130.704: [GC (CMS Final Remark) [YG occupancy: 351 K (4608 K)]130.704: [Rescan (parallel) , 0.0009785 secs]130.705: [weak refs processing, 0.0000120 secs]130.705: [class unloading, 0.0010459 secs]130.706: [scrub symbol table, 0.0006868 secs]130.707: [scrub string table, 0.0001443 secs][1 CMS-remark: 3864K(5120K)] 4215K(9728K), 0.0029746 secs] [Times: user=0.00 sys=0.00, real=0.00 secs] 
130.707: [CMS-concurrent-sweep-start]
130.708: [CMS-concurrent-sweep: 0.001/0.001 secs] [Times: user=0.00 sys=0.00, real=0.00 secs] 
130.708: [CMS-concurrent-reset-start]
130.708: [CMS-concurrent-reset: 0.000/0.000 secs] [Times: user=0.00 sys=0.00, real=0.00 secs] 
132.716: [GC (CMS Initial Mark) [1 CMS-initial-mark: 3864K(5120K)] 4450K(9728K), 0.0009791 secs] [Times: user=0.00 sys=0.00, real=0.00 secs] 
132.717: [CMS-concurrent-mark-start]
132.718: [CMS-concurrent-mark: 0.002/0.002 secs] [Times: user=0.00 sys=0.00, real=0.00 secs] 
132.718: [CMS-concurrent-preclean-start]
132.718: [CMS-concurrent-preclean: 0.000/0.000 secs] [Times: user=0.00 sys=0.00, real=0.00 secs] 
132.719: [GC (CMS Final Remark) [YG occupancy: 586 K (4608 K)]132.719: [Rescan (parallel) , 0.0005732 secs]132.719: [weak refs processing, 0.0000136 secs]132.719: [class unloading, 0.0011535 secs]132.720: [scrub symbol table, 0.0006655 secs]132.721: [scrub string table, 0.0001611 secs][1 CMS-remark: 3864K(5120K)] 4450K(9728K), 0.0026988 secs] [Times: user=0.00 sys=0.00, real=0.00 secs] 
132.722: [CMS-concurrent-sweep-start]
132.722: [CMS-concurrent-sweep: 0.001/0.001 secs] [Times: user=0.00 sys=0.00, real=0.00 secs] 
132.722: [CMS-concurrent-reset-start]
132.722: [CMS-concurrent-reset: 0.000/0.000 secs] [Times: user=0.00 sys=0.00, real=0.00 secs] 
134.730: [GC (CMS Initial Mark) [1 CMS-initial-mark: 3864K(5120K)] 4687K(9728K), 0.0013975 secs] [Times: user=0.00 sys=0.00, real=0.00 secs] 
134.732: [CMS-concurrent-mark-start]
134.737: [CMS-concurrent-mark: 0.005/0.005 secs] [Times: user=0.00 sys=0.00, real=0.01 secs] 
134.737: [CMS-concurrent-preclean-start]
134.738: [CMS-concurrent-preclean: 0.000/0.000 secs] [Times: user=0.00 sys=0.00, real=0.00 secs] 
134.738: [GC (CMS Final Remark) [YG occupancy: 823 K (4608 K)]134.738: [Rescan (parallel) , 0.0019801 secs]134.740: [weak refs processing, 0.0000470 secs]134.740: [class unloading, 0.0029566 secs]134.743: [scrub symbol table, 0.0018786 secs]134.745: [scrub string table, 0.0006145 secs][1 CMS-remark: 3864K(5120K)] 4687K(9728K), 0.0078124 secs] [Times: user=0.02 sys=0.00, real=0.01 secs] 
134.746: [CMS-concurrent-sweep-start]
134.748: [CMS-concurrent-sweep: 0.002/0.002 secs] [Times: user=0.00 sys=0.00, real=0.00 secs] 
134.748: [CMS-concurrent-reset-start]
134.748: [CMS-concurrent-reset: 0.000/0.000 secs] [Times: user=0.00 sys=0.00, real=0.00 secs] 
136.754: [GC (CMS Initial Mark) [1 CMS-initial-mark: 3864K(5120K)] 4893K(9728K), 0.0019345 secs] [Times: user=0.00 sys=0.00, real=0.00 secs] 
136.757: [CMS-concurrent-mark-start]
136.762: [CMS-concurrent-mark: 0.006/0.006 secs] [Times: user=0.03 sys=0.00, real=0.01 secs] 
136.762: [CMS-concurrent-preclean-start]
136.763: [CMS-concurrent-preclean: 0.000/0.000 secs] [Times: user=0.00 sys=0.00, real=0.00 secs] 
136.763: [GC (CMS Final Remark) [YG occupancy: 1029 K (4608 K)]136.763: [Rescan (parallel) , 0.0009180 secs]136.764: [weak refs processing, 0.0000271 secs]136.764: [class unloading, 0.0015262 secs]136.765: [scrub symbol table, 0.0008252 secs]136.766: [scrub string table, 0.0002113 secs][1 CMS-remark: 3864K(5120K)] 4893K(9728K), 0.0036223 secs] [Times: user=0.00 sys=0.00, real=0.00 secs] 
136.767: [CMS-concurrent-sweep-start]
136.767: [CMS-concurrent-sweep: 0.001/0.001 secs] [Times: user=0.00 sys=0.00, real=0.00 secs] 
136.767: [CMS-concurrent-reset-start]
136.767: [CMS-concurrent-reset: 0.000/0.000 secs] [Times: user=0.00 sys=0.00, real=0.00 secs] 
138.776: [GC (CMS Initial Mark) [1 CMS-initial-mark: 3864K(5120K)] 5160K(9728K), 0.0019066 secs] [Times: user=0.00 sys=0.00, real=0.00 secs] 
138.778: [CMS-concurrent-mark-start]
138.784: [CMS-concurrent-mark: 0.006/0.006 secs] [Times: user=0.00 sys=0.00, real=0.01 secs] 
138.784: [CMS-concurrent-preclean-start]
138.784: [CMS-concurrent-preclean: 0.000/0.000 secs] [Times: user=0.00 sys=0.00, real=0.00 secs] 
138.784: [GC (CMS Final Remark) [YG occupancy: 1296 K (4608 K)]138.784: [Rescan (parallel) , 0.0011816 secs]138.786: [weak refs processing, 0.0000257 secs]138.786: [class unloading, 0.0011213 secs]138.787: [scrub symbol table, 0.0007416 secs]138.788: [scrub string table, 0.0001528 secs][1 CMS-remark: 3864K(5120K)] 5160K(9728K), 0.0033190 secs] [Times: user=0.00 sys=0.00, real=0.00 secs] 
138.788: [CMS-concurrent-sweep-start]
138.788: [CMS-concurrent-sweep: 0.001/0.001 secs] [Times: user=0.00 sys=0.00, real=0.00 secs] 
138.789: [CMS-concurrent-reset-start]
138.789: [CMS-concurrent-reset: 0.000/0.000 secs] [Times: user=0.00 sys=0.00, real=0.00 secs] 
140.798: [GC (CMS Initial Mark) [1 CMS-initial-mark: 3864K(5120K)] 5365K(9728K), 0.0009088 secs] [Times: user=0.00 sys=0.00, real=0.00 secs] 
140.799: [CMS-concurrent-mark-start]
140.800: [CMS-concurrent-mark: 0.002/0.002 secs] [Times: user=0.00 sys=0.00, real=0.00 secs] 
140.800: [CMS-concurrent-preclean-start]
140.801: [CMS-concurrent-preclean: 0.000/0.000 secs] [Times: user=0.00 sys=0.00, real=0.00 secs] 
140.801: [GC (CMS Final Remark) [YG occupancy: 1501 K (4608 K)]140.801: [Rescan (parallel) , 0.0006234 secs]140.801: [weak refs processing, 0.0000129 secs]140.801: [class unloading, 0.0012370 secs]140.803: [scrub symbol table, 0.0006736 secs]140.803: [scrub string table, 0.0001870 secs][1 CMS-remark: 3864K(5120K)] 5365K(9728K), 0.0028427 secs] [Times: user=0.00 sys=0.00, real=0.00 secs] 
140.804: [CMS-concurrent-sweep-start]
140.804: [CMS-concurrent-sweep: 0.001/0.001 secs] [Times: user=0.00 sys=0.00, real=0.00 secs] 
140.804: [CMS-concurrent-reset-start]
140.804: [CMS-concurrent-reset: 0.000/0.000 secs] [Times: user=0.03 sys=0.00, real=0.00 secs] 
142.805: [GC (CMS Initial Mark) [1 CMS-initial-mark: 3864K(5120K)] 5600K(9728K), 0.0007418 secs] [Times: user=0.00 sys=0.00, real=0.00 secs] 
142.806: [CMS-concurrent-mark-start]
142.807: [CMS-concurrent-mark: 0.002/0.002 secs] [Times: user=0.00 sys=0.00, real=0.00 secs] 
142.807: [CMS-concurrent-preclean-start]
142.808: [CMS-concurrent-preclean: 0.000/0.000 secs] [Times: user=0.00 sys=0.00, real=0.00 secs] 
142.808: [GC (CMS Final Remark) [YG occupancy: 1736 K (4608 K)]142.808: [Rescan (parallel) , 0.0010385 secs]142.809: [weak refs processing, 0.0000123 secs]142.809: [class unloading, 0.0011087 secs]142.810: [scrub symbol table, 0.0007261 secs]142.811: [scrub string table, 0.0001675 secs][1 CMS-remark: 3864K(5120K)] 5600K(9728K), 0.0031518 secs] [Times: user=0.00 sys=0.00, real=0.00 secs] 
142.811: [CMS-concurrent-sweep-start]
142.812: [CMS-concurrent-sweep: 0.001/0.001 secs] [Times: user=0.00 sys=0.00, real=0.00 secs] 
142.812: [CMS-concurrent-reset-start]
142.812: [CMS-concurrent-reset: 0.000/0.000 secs] [Times: user=0.00 sys=0.00, real=0.00 secs] 
144.820: [GC (CMS Initial Mark) [1 CMS-initial-mark: 3864K(5120K)] 6246K(9728K), 0.0025227 secs] [Times: user=0.13 sys=0.00, real=0.00 secs] 
144.822: [CMS-concurrent-mark-start]
144.826: [CMS-concurrent-mark: 0.003/0.003 secs] [Times: user=0.00 sys=0.00, real=0.00 secs] 
144.826: [CMS-concurrent-preclean-start]
144.826: [CMS-concurrent-preclean: 0.000/0.000 secs] [Times: user=0.00 sys=0.00, real=0.00 secs] 
144.826: [CMS-concurrent-abortable-preclean-start]
144.826: [CMS-concurrent-abortable-preclean: 0.000/0.000 secs] [Times: user=0.00 sys=0.00, real=0.00 secs] 
144.826: [GC (CMS Final Remark) [YG occupancy: 2382 K (4608 K)]144.826: [Rescan (parallel) , 0.0007712 secs]144.827: [weak refs processing, 0.0000137 secs]144.827: [class unloading, 0.0010909 secs]144.828: [scrub symbol table, 0.0006917 secs]144.829: [scrub string table, 0.0001691 secs][1 CMS-remark: 3864K(5120K)] 6246K(9728K), 0.0028684 secs] [Times: user=0.00 sys=0.00, real=0.00 secs] 
144.829: [CMS-concurrent-sweep-start]
144.830: [CMS-concurrent-sweep: 0.001/0.001 secs] [Times: user=0.00 sys=0.00, real=0.00 secs] 
144.830: [CMS-concurrent-reset-start]
144.830: [CMS-concurrent-reset: 0.000/0.000 secs] [Times: user=0.00 sys=0.00, real=0.00 secs] 
146.840: [GC (CMS Initial Mark) [1 CMS-initial-mark: 3863K(5120K)] 6452K(9728K), 0.0025468 secs] [Times: user=0.00 sys=0.00, real=0.00 secs] 
146.843: [CMS-concurrent-mark-start]
146.849: [CMS-concurrent-mark: 0.006/0.006 secs] [Times: user=0.00 sys=0.00, real=0.01 secs] 
146.849: [CMS-concurrent-preclean-start]
146.849: [CMS-concurrent-preclean: 0.000/0.000 secs] [Times: user=0.00 sys=0.00, real=0.00 secs] 
146.849: [CMS-concurrent-abortable-preclean-start]
146.849: [CMS-concurrent-abortable-preclean: 0.000/0.000 secs] [Times: user=0.00 sys=0.00, real=0.00 secs] 
146.850: [GC (CMS Final Remark) [YG occupancy: 2588 K (4608 K)]146.850: [Rescan (parallel) , 0.0028556 secs]146.852: [weak refs processing, 0.0000588 secs]146.853: [class unloading, 0.0028174 secs]146.855: [scrub symbol table, 0.0007139 secs]146.856: [scrub string table, 0.0001476 secs][1 CMS-remark: 3863K(5120K)] 6452K(9728K), 0.0068312 secs] [Times: user=0.11 sys=0.00, real=0.01 secs] 
146.856: [CMS-concurrent-sweep-start]
146.857: [CMS-concurrent-sweep: 0.001/0.001 secs] [Times: user=0.00 sys=0.00, real=0.00 secs] 
146.857: [CMS-concurrent-reset-start]
146.857: [CMS-concurrent-reset: 0.000/0.000 secs] [Times: user=0.00 sys=0.00, real=0.00 secs] 
148.871: [GC (CMS Initial Mark) [1 CMS-initial-mark: 3863K(5120K)] 6701K(9728K), 0.0012806 secs] [Times: user=0.00 sys=0.00, real=0.00 secs] 
148.873: [CMS-concurrent-mark-start]
148.874: [CMS-concurrent-mark: 0.002/0.002 secs] [Times: user=0.00 sys=0.00, real=0.00 secs] 
148.874: [CMS-concurrent-preclean-start]
148.874: [CMS-concurrent-preclean: 0.000/0.000 secs] [Times: user=0.00 sys=0.00, real=0.00 secs] 
148.875: [CMS-concurrent-abortable-preclean-start]
148.875: [CMS-concurrent-abortable-preclean: 0.000/0.000 secs] [Times: user=0.00 sys=0.00, real=0.00 secs] 
148.875: [GC (CMS Final Remark) [YG occupancy: 2837 K (4608 K)]148.875: [Rescan (parallel) , 0.0011580 secs]148.876: [weak refs processing, 0.0000125 secs]148.876: [class unloading, 0.0011831 secs]148.877: [scrub symbol table, 0.0007414 secs]148.878: [scrub string table, 0.0001762 secs][1 CMS-remark: 3863K(5120K)] 6701K(9728K), 0.0033647 secs] [Times: user=0.00 sys=0.00, real=0.00 secs] 
148.878: [CMS-concurrent-sweep-start]
148.879: [CMS-concurrent-sweep: 0.001/0.001 secs] [Times: user=0.00 sys=0.00, real=0.00 secs] 
148.879: [CMS-concurrent-reset-start]
148.879: [CMS-concurrent-reset: 0.000/0.000 secs] [Times: user=0.00 sys=0.00, real=0.00 secs] 
150.335: [GC (Allocation Failure) 150.335: [ParNew: 4074K->4074K(4608K), 0.0000198 secs]150.335: [CMS: 3863K->2863K(5120K), 0.0085290 secs] 7938K->2863K(9728K), [Metaspace: 9105K->9105K(1058816K)], 0.0086223 secs] [Times: user=0.02 sys=0.00, real=0.01 secs] 
150.344: [GC (CMS Initial Mark) [1 CMS-initial-mark: 2863K(5120K)] 4956K(9728K), 0.0004840 secs] [Times: user=0.00 sys=0.00, real=0.00 secs] 
150.345: [CMS-concurrent-mark-start]
150.345: [GC (Allocation Failure) 150.345: [ParNew: 2092K->0K(4608K), 0.0003921 secs] 4956K->2863K(9728K), 0.0004416 secs] [Times: user=0.00 sys=0.00, real=0.00 secs] 
150.353: [CMS-concurrent-mark: 0.002/0.008 secs] [Times: user=0.03 sys=0.00, real=0.01 secs] 
150.353: [CMS-concurrent-preclean-start]
150.353: [CMS-concurrent-preclean: 0.000/0.000 secs] [Times: user=0.00 sys=0.00, real=0.00 secs] 
150.353: [CMS-concurrent-abortable-preclean-start]
 CMS: abort preclean due to time 155.388: [CMS-concurrent-abortable-preclean: 0.014/5.035 secs] [Times: user=0.05 sys=0.00, real=5.04 secs] 
155.388: [GC (CMS Final Remark) [YG occupancy: 2949 K (4608 K)]155.388: [Rescan (parallel) , 0.0008750 secs]155.389: [weak refs processing, 0.0000127 secs]155.389: [class unloading, 0.0011239 secs]155.390: [scrub symbol table, 0.0011903 secs]155.392: [scrub string table, 0.0003281 secs][1 CMS-remark: 2863K(5120K)] 5813K(9728K), 0.0036545 secs] [Times: user=0.00 sys=0.00, real=0.00 secs] 
155.392: [CMS-concurrent-sweep-start]
155.393: [CMS-concurrent-sweep: 0.001/0.001 secs] [Times: user=0.00 sys=0.00, real=0.00 secs] 
155.393: [CMS-concurrent-reset-start]
155.393: [CMS-concurrent-reset: 0.000/0.000 secs] [Times: user=0.00 sys=0.00, real=0.00 secs] 
165.932: [GC (Allocation Failure) 165.932: [ParNew: 4096K->14K(4608K), 0.0012407 secs] 5935K->3903K(9728K), 0.0012858 secs] [Times: user=0.00 sys=0.00, real=0.00 secs] 
165.934: [GC (CMS Initial Mark) [1 CMS-initial-mark: 3889K(5120K)] 3924K(9728K), 0.0004134 secs] [Times: user=0.00 sys=0.00, real=0.00 secs] 
165.934: [CMS-concurrent-mark-start]
165.948: [CMS-concurrent-mark: 0.002/0.014 secs] [Times: user=0.00 sys=0.00, real=0.01 secs] 
165.948: [CMS-concurrent-preclean-start]
165.948: [CMS-concurrent-preclean: 0.000/0.000 secs] [Times: user=0.00 sys=0.00, real=0.00 secs] 
165.948: [GC (CMS Final Remark) [YG occupancy: 102 K (4608 K)]165.949: [Rescan (parallel) , 0.0005205 secs]165.949: [weak refs processing, 0.0000139 secs]165.949: [class unloading, 0.0014828 secs]165.951: [scrub symbol table, 0.0007219 secs]165.951: [scrub string table, 0.0001534 secs][1 CMS-remark: 3889K(5120K)] 3991K(9728K), 0.0029741 secs] [Times: user=0.00 sys=0.00, real=0.00 secs] 
165.952: [CMS-concurrent-sweep-start]
165.952: [CMS-concurrent-sweep: 0.001/0.001 secs] [Times: user=0.00 sys=0.00, real=0.00 secs] 
165.952: [CMS-concurrent-reset-start]
165.952: [CMS-concurrent-reset: 0.000/0.000 secs] [Times: user=0.00 sys=0.00, real=0.00 secs] 
167.963: [GC (CMS Initial Mark) [1 CMS-initial-mark: 3883K(5120K)] 4294K(9728K), 0.0006282 secs] [Times: user=0.00 sys=0.00, real=0.00 secs] 
167.964: [CMS-concurrent-mark-start]
167.967: [CMS-concurrent-mark: 0.003/0.003 secs] [Times: user=0.00 sys=0.00, real=0.00 secs] 
167.967: [CMS-concurrent-preclean-start]
167.967: [CMS-concurrent-preclean: 0.000/0.000 secs] [Times: user=0.00 sys=0.00, real=0.00 secs] 
167.968: [GC (CMS Final Remark) [YG occupancy: 411 K (4608 K)]167.968: [Rescan (parallel) , 0.0010688 secs]167.969: [weak refs processing, 0.0000256 secs]167.969: [class unloading, 0.0019949 secs]167.971: [scrub symbol table, 0.0012071 secs]167.972: [scrub string table, 0.0003310 secs][1 CMS-remark: 3883K(5120K)] 4294K(9728K), 0.0047813 secs] [Times: user=0.00 sys=0.00, real=0.00 secs] 
167.973: [CMS-concurrent-sweep-start]
167.974: [CMS-concurrent-sweep: 0.001/0.001 secs] [Times: user=0.00 sys=0.00, real=0.00 secs] 
167.974: [CMS-concurrent-reset-start]
167.974: [CMS-concurrent-reset: 0.000/0.000 secs] [Times: user=0.00 sys=0.00, real=0.00 secs] 
169.982: [GC (CMS Initial Mark) [1 CMS-initial-mark: 3882K(5120K)] 4534K(9728K), 0.0005713 secs] [Times: user=0.00 sys=0.00, real=0.00 secs] 
169.983: [CMS-concurrent-mark-start]
169.985: [CMS-concurrent-mark: 0.002/0.002 secs] [Times: user=0.00 sys=0.00, real=0.00 secs] 
169.985: [CMS-concurrent-preclean-start]
169.985: [CMS-concurrent-preclean: 0.000/0.000 secs] [Times: user=0.00 sys=0.00, real=0.00 secs] 
169.985: [GC (CMS Final Remark) [YG occupancy: 652 K (4608 K)]169.986: [Rescan (parallel) , 0.0004921 secs]169.986: [weak refs processing, 0.0000197 secs]169.986: [class unloading, 0.0013337 secs]169.987: [scrub symbol table, 0.0007969 secs]169.988: [scrub string table, 0.0001999 secs][1 CMS-remark: 3882K(5120K)] 4534K(9728K), 0.0029477 secs] [Times: user=0.00 sys=0.00, real=0.00 secs] 
169.989: [CMS-concurrent-sweep-start]
169.989: [CMS-concurrent-sweep: 0.001/0.001 secs] [Times: user=0.00 sys=0.00, real=0.00 secs] 
169.989: [CMS-concurrent-reset-start]
169.989: [CMS-concurrent-reset: 0.000/0.000 secs] [Times: user=0.00 sys=0.00, real=0.00 secs] 
172.001: [GC (CMS Initial Mark) [1 CMS-initial-mark: 3882K(5120K)] 4755K(9728K), 0.0004696 secs] [Times: user=0.00 sys=0.00, real=0.00 secs] 
172.001: [CMS-concurrent-mark-start]
172.003: [CMS-concurrent-mark: 0.002/0.002 secs] [Times: user=0.00 sys=0.00, real=0.00 secs] 
172.003: [CMS-concurrent-preclean-start]
172.003: [CMS-concurrent-preclean: 0.000/0.000 secs] [Times: user=0.00 sys=0.00, real=0.00 secs] 
172.004: [GC (CMS Final Remark) [YG occupancy: 872 K (4608 K)]172.004: [Rescan (parallel) , 0.0004645 secs]172.004: [weak refs processing, 0.0000183 secs]172.004: [class unloading, 0.0012362 secs]172.005: [scrub symbol table, 0.0007802 secs]172.006: [scrub string table, 0.0001898 secs][1 CMS-remark: 3882K(5120K)] 4755K(9728K), 0.0027879 secs] [Times: user=0.00 sys=0.00, real=0.00 secs] 
172.007: [CMS-concurrent-sweep-start]
172.007: [CMS-concurrent-sweep: 0.001/0.001 secs] [Times: user=0.00 sys=0.00, real=0.00 secs] 
172.007: [CMS-concurrent-reset-start]
172.007: [CMS-concurrent-reset: 0.000/0.000 secs] [Times: user=0.00 sys=0.00, real=0.00 secs] 
174.010: [GC (CMS Initial Mark) [1 CMS-initial-mark: 3882K(5120K)] 4886K(9728K), 0.0005582 secs] [Times: user=0.00 sys=0.00, real=0.00 secs] 
174.011: [CMS-concurrent-mark-start]
174.027: [CMS-concurrent-mark: 0.002/0.016 secs] [Times: user=0.00 sys=0.00, real=0.02 secs] 
174.027: [CMS-concurrent-preclean-start]
174.027: [CMS-concurrent-preclean: 0.000/0.000 secs] [Times: user=0.00 sys=0.00, real=0.00 secs] 
174.027: [GC (CMS Final Remark) [YG occupancy: 1092 K (4608 K)]174.027: [Rescan (parallel) , 0.0005825 secs]174.028: [weak refs processing, 0.0000139 secs]174.028: [class unloading, 0.0011240 secs]174.029: [scrub symbol table, 0.0006487 secs]174.030: [scrub string table, 0.0001609 secs][1 CMS-remark: 3882K(5120K)] 4975K(9728K), 0.0026674 secs] [Times: user=0.00 sys=0.00, real=0.00 secs] 
174.030: [CMS-concurrent-sweep-start]
174.031: [CMS-concurrent-sweep: 0.001/0.001 secs] [Times: user=0.00 sys=0.00, real=0.00 secs] 
174.031: [CMS-concurrent-reset-start]
174.031: [CMS-concurrent-reset: 0.000/0.000 secs] [Times: user=0.00 sys=0.00, real=0.00 secs] 
176.040: [GC (CMS Initial Mark) [1 CMS-initial-mark: 3865K(5120K)] 5090K(9728K), 0.0005640 secs] [Times: user=0.00 sys=0.00, real=0.00 secs] 
176.040: [CMS-concurrent-mark-start]
176.057: [CMS-concurrent-mark: 0.003/0.016 secs] [Times: user=0.00 sys=0.00, real=0.02 secs] 
176.057: [CMS-concurrent-preclean-start]
176.057: [CMS-concurrent-preclean: 0.000/0.000 secs] [Times: user=0.00 sys=0.00, real=0.00 secs] 
176.057: [GC (CMS Final Remark) [YG occupancy: 1315 K (4608 K)]176.057: [Rescan (parallel) , 0.0007077 secs]176.058: [weak refs processing, 0.0000161 secs]176.058: [class unloading, 0.0015273 secs]176.060: [scrub symbol table, 0.0008439 secs]176.061: [scrub string table, 0.0002757 secs][1 CMS-remark: 3865K(5120K)] 5181K(9728K), 0.0035011 secs] [Times: user=0.00 sys=0.00, real=0.00 secs] 
176.061: [CMS-concurrent-sweep-start]
176.062: [CMS-concurrent-sweep: 0.001/0.001 secs] [Times: user=0.00 sys=0.00, real=0.00 secs] 
176.062: [CMS-concurrent-reset-start]
176.062: [CMS-concurrent-reset: 0.000/0.000 secs] [Times: user=0.00 sys=0.00, real=0.00 secs] 
178.063: [GC (CMS Initial Mark) [1 CMS-initial-mark: 3865K(5120K)] 5337K(9728K), 0.0008917 secs] [Times: user=0.00 sys=0.00, real=0.00 secs] 
178.064: [CMS-concurrent-mark-start]
178.066: [CMS-concurrent-mark: 0.002/0.002 secs] [Times: user=0.00 sys=0.00, real=0.00 secs] 
178.066: [CMS-concurrent-preclean-start]
178.066: [CMS-concurrent-preclean: 0.000/0.000 secs] [Times: user=0.00 sys=0.00, real=0.00 secs] 
178.066: [GC (CMS Final Remark) [YG occupancy: 1539 K (4608 K)]178.066: [Rescan (parallel) , 0.0009248 secs]178.067: [weak refs processing, 0.0000275 secs]178.067: [class unloading, 0.0013777 secs]178.069: [scrub symbol table, 0.0009800 secs]178.070: [scrub string table, 0.0002972 secs][1 CMS-remark: 3865K(5120K)] 5404K(9728K), 0.0038053 secs] [Times: user=0.02 sys=0.00, real=0.00 secs] 
178.070: [CMS-concurrent-sweep-start]
178.071: [CMS-concurrent-sweep: 0.001/0.001 secs] [Times: user=0.00 sys=0.00, real=0.00 secs] 
178.071: [CMS-concurrent-reset-start]
178.071: [CMS-concurrent-reset: 0.000/0.000 secs] [Times: user=0.00 sys=0.00, real=0.00 secs] 
